Copyright 1986-2022 Xilinx, Inc. All Rights Reserved. Copyright 2022-2025 Advanced Micro Devices, Inc. All Rights Reserved.
------------------------------------------------------------------------------------------------------------------------------------------------------------------------------------
| Tool Version : Vivado v.2025.2 (win64) Build 6299465 Fri Nov 14 19:35:11 GMT 2025
| Date         : Wed Apr 29 12:54:42 2026
| Host         : PC-638 running 64-bit major release  (build 9200)
| Command      : report_bus_skew -warn_on_violation -file top_breathing_led_bus_skew_routed.rpt -pb top_breathing_led_bus_skew_routed.pb -rpx top_breathing_led_bus_skew_routed.rpx
| Design       : top_breathing_led
| Device       : 7a50ti-csg324
| Speed File   : -1L  PRODUCTION 1.23 2018-06-13
| Design State : Routed
------------------------------------------------------------------------------------------------------------------------------------------------------------------------------------

Bus Skew Report

No bus skew constraints

